[templates.iqonic.design/datum/html/backend/product.html]
[backblue.gif]
[fade.gif]
[index.html]
[templates.iqonic.design/datum/html/assets/css/backend-plugin.min.css]
[templates.iqonic.design/datum/html/assets/css/backende209.css]
[templates.iqonic.design/datum/html/backend/index.html]
[templates.iqonic.design/datum/html/assets/images/logo.png]
[templates.iqonic.design/datum/html/assets/images/logo-dark.png]
[templates.iqonic.design/datum/html/backend/customer.html]
[templates.iqonic.design/datum/html/backend/order.html]
[templates.iqonic.design/datum/html/backend/invoice.html]
[templates.iqonic.design/datum/html/backend/auth-login.html]
[templates.iqonic.design/datum/html/backend/auth-sign-up.html]
[templates.iqonic.design/datum/html/backend/auth-recover-pwd.html]
[templates.iqonic.design/datum/html/backend/auth-confirm-mail.html]
[templates.iqonic.design/datum/html/backend/auth-lock-screen.html]
[templates.iqonic.design/datum/html/backend/pages-error.html]
[templates.iqonic.design/datum/html/backend/pages-error-500.html]
[templates.iqonic.design/datum/html/backend/pages-comingsoon.html]
[templates.iqonic.design/datum/html/backend/pages-maintenance.html]
[templates.iqonic.design/datum/html/backend/pages-blank-page.html]
[templates.iqonic.design/datum/html/backend/pages-faq.html]
[templates.iqonic.design/datum/html/backend/pricing.html]
[templates.iqonic.design/datum/html/backend/timeline.html]
[templates.iqonic.design/datum/html/backend/ui-avatars.html]
[templates.iqonic.design/datum/html/backend/ui-alerts.html]
[templates.iqonic.design/datum/html/backend/ui-badges.html]
[templates.iqonic.design/datum/html/backend/ui-breadcrumb.html]
[templates.iqonic.design/datum/html/backend/ui-buttons.html]
[templates.iqonic.design/datum/html/backend/ui-buttons-group.html]
[templates.iqonic.design/datum/html/backend/ui-boxshadow.html]
[templates.iqonic.design/datum/html/backend/ui-colors.html]
[templates.iqonic.design/datum/html/backend/ui-cards.html]
[templates.iqonic.design/datum/html/backend/ui-carousel.html]
[templates.iqonic.design/datum/html/backend/ui-grid.html]
[templates.iqonic.design/datum/html/backend/ui-images.html]
[templates.iqonic.design/datum/html/backend/ui-list-group.html]
[templates.iqonic.design/datum/html/backend/ui-media-object.html]
[templates.iqonic.design/datum/html/backend/ui-modal.html]
[templates.iqonic.design/datum/html/backend/ui-notifications.html]
[templates.iqonic.design/datum/html/backend/ui-pagination.html]
[templates.iqonic.design/datum/html/backend/ui-popovers.html]
[templates.iqonic.design/datum/html/backend/ui-progressbars.html]
[templates.iqonic.design/datum/html/backend/ui-typography.html]
[templates.iqonic.design/datum/html/backend/ui-tabs.html]
[templates.iqonic.design/datum/html/backend/ui-tooltips.html]
[templates.iqonic.design/datum/html/backend/ui-embed-video.html]
[templates.iqonic.design/datum/html/backend/form-layout.html]
[templates.iqonic.design/datum/html/backend/form-input-group.html]
[templates.iqonic.design/datum/html/backend/form-validation.html]
[templates.iqonic.design/datum/html/backend/form-switch.html]
[templates.iqonic.design/datum/html/backend/form-chechbox.html]
[templates.iqonic.design/datum/html/backend/form-radio.html]
[templates.iqonic.design/datum/html/backend/form-textarea.html]
[templates.iqonic.design/datum/html/backend/form-datepicker.html]
[templates.iqonic.design/datum/html/backend/form-select.html]
[templates.iqonic.design/datum/html/backend/form-file-uploader.html]
[templates.iqonic.design/datum/html/backend/form-quill.html]
[templates.iqonic.design/datum/html/backend/tables-basic.html]
[templates.iqonic.design/datum/html/backend/table-data.html]
[templates.iqonic.design/datum/html/backend/table-editable.html]
[templates.iqonic.design/datum/html/backend/chart-apex.html]
[templates.iqonic.design/datum/html/backend/icon-heroicon.html]
[templates.iqonic.design/datum/html/assets/images/user/2.jpg]
[templates.iqonic.design/datum/html/assets/images/Flag/flag001.png]
[templates.iqonic.design/datum/html/assets/images/Flag/flag-03.png]
[templates.iqonic.design/datum/html/assets/images/Flag/flag-04.png]
[templates.iqonic.design/datum/html/assets/images/Flag/flag-02.png]
[templates.iqonic.design/datum/html/assets/images/Flag/flag-05.png]
[templates.iqonic.design/datum/html/assets/images/Flag/flag-06.png]
[templates.iqonic.design/datum/html/assets/images/user/1.jpg]
[templates.iqonic.design/datum/html/backend/auth-sign-in.html]
[templates.iqonic.design/datum/html/backend/product-add.html]
[templates.iqonic.design/datum/html/assets/images/products/1.jpg]
[templates.iqonic.design/datum/html/assets/images/products/15.jpg]
[templates.iqonic.design/datum/html/assets/images/products/2.jpg]
[templates.iqonic.design/datum/html/assets/images/products/4.jpg]
[templates.iqonic.design/datum/html/assets/images/products/8.jpg]
[templates.iqonic.design/datum/html/assets/images/products/5.jpg]
[templates.iqonic.design/datum/html/assets/images/products/7.jpg]
[templates.iqonic.design/datum/html/assets/images/products/16.jpg]
[templates.iqonic.design/datum/html/assets/images/products/6.jpg]
[templates.iqonic.design/datum/html/assets/images/products/12.jpg]
[templates.iqonic.design/datum/html/backend/privacy-policy.html]
[templates.iqonic.design/datum/html/backend/terms-of-service.html]
[templates.iqonic.design/datum/html/assets/js/customizer.js]
[templates.iqonic.design/datum/html/assets/js/backend-bundle.min.js]
[templates.iqonic.design/datum/html/assets/js/sidebar.js]
[templates.iqonic.design/datum/html/assets/js/flex-tree.min.js]
[templates.iqonic.design/datum/html/assets/js/tree.js]
[templates.iqonic.design/datum/html/assets/js/table-treeview.js]
[templates.iqonic.design/datum/html/assets/js/sweetalert.js]
[templates.iqonic.design/datum/html/assets/js/vector-map-custom.js]
[templates.iqonic.design/datum/html/assets/js/chart-custom.js]
[templates.iqonic.design/datum/html/assets/js/charts/01.js]
[templates.iqonic.design/datum/html/assets/js/charts/02.js]
[templates.iqonic.design/datum/html/assets/js/slider.js]
[templates.iqonic.design/datum/html/assets/vendor/emoji-picker-element/index.js]
[templates.iqonic.design/datum/html/assets/js/app.js]
[templates.iqonic.design/datum/html/backend/product.html]
[templates.iqonic.design/datum/html/assets/css/images/layers.png]
[templates.iqonic.design/datum/html/assets/css/images/layers-2x.png]
[templates.iqonic.design/datum/html/assets/css/images/marker-icon.png]
[templates.iqonic.design/datum/html/assets/css/backend-plugin.min.css]
[templates.iqonic.design/datum/html/assets/images/loader.gif]
[templates.iqonic.design/datum/html/assets/images/dark-loader.gif]
[templates.iqonic.design/datum/html/assets/css/backende209.css]
[templates.iqonic.design/datum/html/assets/images/products/13.jpg]
[templates.iqonic.design/datum/html/assets/images/user/5.jpg]
[templates.iqonic.design/datum/html/assets/images/user/3.jpg]
[templates.iqonic.design/datum/html/backend/index.html]
[templates.iqonic.design/datum/html/backend/customer-add.html]
[templates.iqonic.design/datum/html/backend/customer-view.html]
[templates.iqonic.design/datum/html/backend/customer-edit.html]
[templates.iqonic.design/datum/html/assets/images/user/4.jpg]
[templates.iqonic.design/datum/html/assets/images/user/6.jpg]
[templates.iqonic.design/datum/html/backend/customer.html]
[templates.iqonic.design/datum/html/backend/order-new.html]
[templates.iqonic.design/datum/html/backend/order.html]
[templates.iqonic.design/datum/html/backend/order-details.html]
[templates.iqonic.design/datum/html/backend/invoice-view.html]
[templates.iqonic.design/datum/html/backend/user-icon]
[templates.iqonic.design/datum/html/backend/invoice.html]
[templates.iqonic.design/datum/html/backend/auth-login.html]
[templates.iqonic.design/datum/html/backend/auth-sign-up.html]
[templates.iqonic.design/datum/html/backend/auth-recover-pwd.html]
[templates.iqonic.design/datum/html/backend/auth-confirm-mail.html]
[templates.iqonic.design/datum/html/backend/auth-lock-screen.html]
[templates.iqonic.design/datum/html/assets/images/error/Datum_404.png]
[templates.iqonic.design/datum/html/backend/pages-error.html]
[templates.iqonic.design/datum/html/assets/images/error/Datum_500.png]
[templates.iqonic.design/datum/html/backend/pages-error-500.html]
[templates.iqonic.design/datum/html/assets/js/countdown.js]
[templates.iqonic.design/datum/html/backend/pages-comingsoon.html]
[templates.iqonic.design/datum/html/assets/images/error/maintenance.png]
[templates.iqonic.design/datum/html/backend/pages-maintenance.html]
[templates.iqonic.design/datum/html/backend/pages-blank-page.html]
[templates.iqonic.design/datum/html/backend/pages-faq.html]
[templates.iqonic.design/datum/html/backend/pricing.html]
[templates.iqonic.design/datum/html/backend/timeline.html]
[templates.iqonic.design/datum/html/backend/ui-avatars.html]
[templates.iqonic.design/datum/html/backend/ui-alerts.html]
[templates.iqonic.design/datum/html/backend/ui-badges.html]
[templates.iqonic.design/datum/html/backend/ui-breadcrumb.html]
[templates.iqonic.design/datum/html/backend/ui-buttons.html]
[templates.iqonic.design/datum/html/backend/ui-buttons-group.html]
[templates.iqonic.design/datum/html/backend/ui-boxshadow.html]
[templates.iqonic.design/datum/html/backend/ui-colors.html]
[templates.iqonic.design/datum/html/assets/images/page-img/card.jpg]
[templates.iqonic.design/datum/html/assets/images/page-img/08.jpg]
[templates.iqonic.design/datum/html/assets/images/page-img/09.jpg]
[templates.iqonic.design/datum/html/backend/ui-cards.html]
[templates.iqonic.design/datum/html/assets/images/small/img-1.jpg]
[templates.iqonic.design/datum/html/backend/ui-carousel.html]
[templates.iqonic.design/datum/html/backend/ui-grid.html]
[templates.iqonic.design/datum/html/assets/images/page-img/10.jpg]
[templates.iqonic.design/datum/html/assets/images/page-img/11.jpg]
[templates.iqonic.design/datum/html/assets/images/page-img/12.jpg]
[templates.iqonic.design/datum/html/assets/images/page-img/13.jpg]
[templates.iqonic.design/datum/html/assets/images/page-img/14.jpg]
[templates.iqonic.design/datum/html/backend/ui-images.html]
[templates.iqonic.design/datum/html/backend/ui-list-group.html]
[templates.iqonic.design/datum/html/backend/ui-media-object.html]
[templates.iqonic.design/datum/html/backend/ui-modal.html]
[templates.iqonic.design/datum/html/backend/ui-notifications.html]
[templates.iqonic.design/datum/html/backend/ui-pagination.html]
[templates.iqonic.design/datum/html/backend/ui-popovers.html]
[templates.iqonic.design/datum/html/backend/ui-progressbars.html]
[templates.iqonic.design/datum/html/backend/ui-typography.html]
[templates.iqonic.design/datum/html/backend/ui-tabs.html]
[templates.iqonic.design/datum/html/backend/ui-tooltips.html]
[templates.iqonic.design/datum/html/backend/ui-embed-video.html]
[templates.iqonic.design/datum/html/backend/form-layout.html]
[templates.iqonic.design/datum/html/backend/form-input-group.html]
[templates.iqonic.design/datum/html/backend/form-validation.html]
[templates.iqonic.design/datum/html/backend/form-switch.html]
[templates.iqonic.design/datum/html/backend/form-chechbox.html]
[templates.iqonic.design/datum/html/backend/form-radio.html]
[templates.iqonic.design/datum/html/backend/form-textarea.html]
[templates.iqonic.design/datum/html/backend/form-datepicker.html]
[templates.iqonic.design/datum/html/backend/form-select.html]
[templates.iqonic.design/datum/html/backend/form-file-uploader.html]
[templates.iqonic.design/datum/html/backend/form-quill.html]
[templates.iqonic.design/datum/html/backend/tables-basic.html]
[templates.iqonic.design/datum/html/backend/table-data.html]
[templates.iqonic.design/datum/html/backend/table-editable.html]
[templates.iqonic.design/datum/html/backend/chart-apex.html]
[templates.iqonic.design/datum/html/backend/icon-heroicon.html]
[templates.iqonic.design/datum/html/backend/auth-sign-in.html]
[templates.iqonic.design/datum/html/backend/product-add.html]
[templates.iqonic.design/datum/html/backend/privacy-policy.html]
[templates.iqonic.design/datum/html/backend/terms-of-service.html]
[templates.iqonic.design/datum/html/assets/css/images/layers.html]
[templates.iqonic.design/datum/html/assets/css/images/layers-2x.html]
[templates.iqonic.design/datum/html/assets/css/images/marker-icon.html]
[templates.iqonic.design/datum/html/backend/customer-add.html]
[templates.iqonic.design/datum/html/backend/customer-view.html]
[templates.iqonic.design/datum/html/backend/customer-edit.html]
[templates.iqonic.design/datum/html/backend/order-new.html]
[templates.iqonic.design/datum/html/backend/order-details.html]
[templates.iqonic.design/datum/html/backend/invoice-view.html]
[templates.iqonic.design/datum/html/backend/user-icon.html]
[templates.iqonic.design/datum/html/backend/auth-recoverpw.html]
[templates.iqonic.design/datum/html/backend/auth-recoverpw.html]
